// Jest Snapshot v1, https://goo.gl/fbAQLP

exports[`Header Snapshot 1`] = `
Object {
  "asFragment": [Function],
  "baseElement": <body>
    <div>
      <header
        class="sc-AxjAm hJFuxA"
      >
        <div
          class="sc-AxhCb jumJsu"
        >
          <a
            class="sc-AxhUy jqkeCh"
            href="#/"
          >
            Irish-Trad.net
          </a>
          <nav
            class="sc-AxirZ lYpAC"
          >
            <a
              class="sc-AxhUy jqkeCh"
              href="#/tablature"
            >
              Tablature
            </a>
            <a
              class="sc-AxhUy jqkeCh"
              href="#/lessons"
            >
              Lessons
            </a>
            <a
              class="sc-AxhUy jqkeCh"
              href="#/chords"
            >
              Chords
            </a>
            <a
              class="sc-AxhUy jqkeCh"
              href="#/clef-to-tab"
            >
              Clef to TAB
            </a>
            <a
              class="sc-AxhUy jqkeCh"
              href="#/terminology"
            >
              Terminology
            </a>
            <a
              class="sc-AxhUy jqkeCh"
              href="#/community"
            >
              Community
            </a>
            <a
              class="sc-AxhUy jqkeCh"
              href="#/newsletter"
            >
              Newsletter
            </a>
          </nav>
          <i
            class="fa"
          />
        </div>
      </header>
    </div>
  </body>,
  "container": <div>
    <header
      class="sc-AxjAm hJFuxA"
    >
      <div
        class="sc-AxhCb jumJsu"
      >
        <a
          class="sc-AxhUy jqkeCh"
          href="#/"
        >
          Irish-Trad.net
        </a>
        <nav
          class="sc-AxirZ lYpAC"
        >
          <a
            class="sc-AxhUy jqkeCh"
            href="#/tablature"
          >
            Tablature
          </a>
          <a
            class="sc-AxhUy jqkeCh"
            href="#/lessons"
          >
            Lessons
          </a>
          <a
            class="sc-AxhUy jqkeCh"
            href="#/chords"
          >
            Chords
          </a>
          <a
            class="sc-AxhUy jqkeCh"
            href="#/clef-to-tab"
          >
            Clef to TAB
          </a>
          <a
            class="sc-AxhUy jqkeCh"
            href="#/terminology"
          >
            Terminology
          </a>
          <a
            class="sc-AxhUy jqkeCh"
            href="#/community"
          >
            Community
          </a>
          <a
            class="sc-AxhUy jqkeCh"
            href="#/newsletter"
          >
            Newsletter
          </a>
        </nav>
        <i
          class="fa"
        />
      </div>
    </header>
  </div>,
  "debug": [Function],
  "findAllByAltText": [Function],
  "findAllByDisplayValue": [Function],
  "findAllByLabelText": [Function],
  "findAllByPlaceholderText": [Function],
  "findAllByRole": [Function],
  "findAllByTestId": [Function],
  "findAllByText": [Function],
  "findAllByTitle": [Function],
  "findByAltText": [Function],
  "findByDisplayValue": [Function],
  "findByLabelText": [Function],
  "findByPlaceholderText": [Function],
  "findByRole": [Function],
  "findByTestId": [Function],
  "findByText": [Function],
  "findByTitle": [Function],
  "getAllByAltText": [Function],
  "getAllByDisplayValue": [Function],
  "getAllByLabelText": [Function],
  "getAllByPlaceholderText": [Function],
  "getAllByRole": [Function],
  "getAllByTestId": [Function],
  "getAllByText": [Function],
  "getAllByTitle": [Function],
  "getByAltText": [Function],
  "getByDisplayValue": [Function],
  "getByLabelText": [Function],
  "getByPlaceholderText": [Function],
  "getByRole": [Function],
  "getByTestId": [Function],
  "getByText": [Function],
  "getByTitle": [Function],
  "queryAllByAltText": [Function],
  "queryAllByDisplayValue": [Function],
  "queryAllByLabelText": [Function],
  "queryAllByPlaceholderText": [Function],
  "queryAllByRole": [Function],
  "queryAllByTestId": [Function],
  "queryAllByText": [Function],
  "queryAllByTitle": [Function],
  "queryByAltText": [Function],
  "queryByDisplayValue": [Function],
  "queryByLabelText": [Function],
  "queryByPlaceholderText": [Function],
  "queryByRole": [Function],
  "queryByTestId": [Function],
  "queryByText": [Function],
  "queryByTitle": [Function],
  "rerender": [Function],
  "unmount": [Function],
}
`;
